2025-12-24 14:45:21,239 - MMSA [INFO] - ======================================== Program Start ========================================
2025-12-24 14:45:21,298 - MMSA [INFO] - Running with args:
2025-12-24 14:45:21,298 - MMSA [INFO] - {'model_name': 'bienc', 'dataset_name': 'sims', 'featurePath': '/leonardo_work/EUHPC_A04_051/alexfil/MSA-Datasets/CH-SIMS/unaligned_39.pkl', 'seq_lens': [39, 400, 55], 'feature_dims': [768, 33, 709], 'train_samples': 1368, 'num_classes': 3, 'language': 'cn', 'KeyEval': 'Loss', 'missing_rate': [0.0, 0.0, 0.0], 'missing_seed': [1111, 1111, 1111], 'need_data_aligned': False, 'need_model_aligned': False, 'early_stop': 8, 'use_bert': False, 'use_bert_finetune': False, 'attn_mask': True, 'update_epochs': 4, 'use_augmentation': False, 'use_m3xup': False, 'hfPath': False, 'fs2': False, 'max_token_len': 39, 'gpt': {'mm_dropout': 0.1, 'mm_layer': [3, 5, 7, 9, 11], 'layer_dropout': 0.2, 'dense': True, 'tie_ffn': True}, 'av_enc': {'d_enc': 30, 'n_embd': 30, 'n_head': 6, 'nlevels': 3, 'd_enc_out': 30, 'maxlen': 39, 'p_mask': 0.15, 'enc_attn_dropout': 0.1, 'enc_res_dropout': 0.1, 'enc_dropout': 0.1, 'use_softperm': True, 'p_perm': 0.2, 'mask_perm_ratio': 0.5, 'tf_fusion': False, 'use_ln': False, 'use_bn': True}, 'batch_size': 32, 'learning_rate': 0.0005, 'grad_clip': 1.0, 'patience': 10, 'weight_decay': 0.001, 'device': device(type='cuda', index=0), 'train_mode': 'regression', 'custom_feature': None, 'feature_T': '', 'feature_A': '', 'feature_V': ''}
2025-12-24 14:45:21,298 - MMSA [INFO] - Seeds: [1990]
2025-12-24 14:45:21,299 - MMSA [INFO] - ------------------------------ Running with seed 1990 [1/1] ------------------------------
2025-12-24 15:32:09,397 - MMSA [INFO] - ======================================== Program Start ========================================
2025-12-24 15:32:09,491 - MMSA [INFO] - Running with args:
2025-12-24 15:32:09,491 - MMSA [INFO] - {'model_name': 'bienc', 'dataset_name': 'sims', 'featurePath': '/leonardo_work/EUHPC_A04_051/alexfil/MSA-Datasets/CH-SIMS/unaligned_39.pkl', 'seq_lens': [39, 400, 55], 'feature_dims': [768, 33, 709], 'train_samples': 1368, 'num_classes': 3, 'language': 'cn', 'KeyEval': 'Loss', 'missing_rate': [0.0, 0.0, 0.0], 'missing_seed': [1111, 1111, 1111], 'need_data_aligned': False, 'need_model_aligned': False, 'early_stop': 8, 'use_bert': False, 'use_bert_finetune': False, 'attn_mask': True, 'update_epochs': 4, 'use_augmentation': False, 'use_m3xup': False, 'hfPath': False, 'fs2': False, 'max_token_len': 39, 'gpt': {'mm_dropout': 0.1, 'mm_layer': [3, 5, 7, 9, 11], 'layer_dropout': 0.2, 'dense': True, 'tie_ffn': True}, 'av_enc': {'d_enc': 30, 'n_embd': 30, 'n_head': 6, 'nlevels': 3, 'd_enc_out': 30, 'maxlen': 39, 'p_mask': 0.15, 'enc_attn_dropout': 0.1, 'enc_res_dropout': 0.1, 'enc_dropout': 0.1, 'use_softperm': True, 'p_perm': 0.2, 'mask_perm_ratio': 0.5, 'tf_fusion': False, 'use_ln': False, 'use_bn': True}, 'batch_size': 32, 'learning_rate': 0.0005, 'grad_clip': 1.0, 'patience': 10, 'weight_decay': 0.001, 'device': device(type='cuda', index=0), 'train_mode': 'regression', 'custom_feature': None, 'feature_T': '', 'feature_A': '', 'feature_V': ''}
2025-12-24 15:32:09,491 - MMSA [INFO] - Seeds: [1990]
2025-12-24 15:32:09,492 - MMSA [INFO] - ------------------------------ Running with seed 1990 [1/1] ------------------------------
2025-12-24 15:41:35,044 - MMSA [INFO] - ======================================== Program Start ========================================
2025-12-24 15:41:35,129 - MMSA [INFO] - Running with args:
2025-12-24 15:41:35,129 - MMSA [INFO] - {'model_name': 'bienc', 'dataset_name': 'sims', 'featurePath': '/leonardo_work/EUHPC_A04_051/alexfil/MSA-Datasets/CH-SIMS/unaligned_39.pkl', 'seq_lens': [39, 400, 55], 'feature_dims': [768, 33, 709], 'train_samples': 1368, 'num_classes': 3, 'language': 'cn', 'KeyEval': 'Loss', 'missing_rate': [0.0, 0.0, 0.0], 'missing_seed': [1111, 1111, 1111], 'need_data_aligned': False, 'need_model_aligned': False, 'early_stop': 8, 'use_bert': False, 'use_bert_finetune': False, 'attn_mask': True, 'update_epochs': 4, 'use_augmentation': False, 'use_m3xup': False, 'hfPath': False, 'fs2': False, 'max_token_len': 39, 'gpt': {'mm_dropout': 0.1, 'mm_layer': [3, 5, 7, 9, 11], 'layer_dropout': 0.2, 'dense': True, 'tie_ffn': True}, 'av_enc': {'d_enc': 30, 'n_embd': 30, 'n_head': 6, 'nlevels': 3, 'd_enc_out': 30, 'maxlen': 39, 'p_mask': 0.15, 'enc_attn_dropout': 0.1, 'enc_res_dropout': 0.1, 'enc_dropout': 0.1, 'use_softperm': True, 'p_perm': 0.2, 'mask_perm_ratio': 0.5, 'tf_fusion': False, 'use_ln': False, 'use_bn': True}, 'batch_size': 32, 'learning_rate': 0.0005, 'grad_clip': 1.0, 'patience': 10, 'weight_decay': 0.001, 'device': device(type='cuda', index=0), 'train_mode': 'regression', 'custom_feature': None, 'feature_T': '', 'feature_A': '', 'feature_V': ''}
2025-12-24 15:41:35,129 - MMSA [INFO] - Seeds: [1990]
2025-12-24 15:41:35,151 - MMSA [INFO] - ------------------------------ Running with seed 1990 [1/1] ------------------------------
2025-12-24 15:46:22,414 - MMSA [INFO] - ======================================== Program Start ========================================
2025-12-24 15:46:22,474 - MMSA [INFO] - Running with args:
2025-12-24 15:46:22,474 - MMSA [INFO] - {'model_name': 'bienc', 'dataset_name': 'sims', 'featurePath': '/leonardo_work/EUHPC_A04_051/alexfil/MSA-Datasets/CH-SIMS/unaligned_39.pkl', 'seq_lens': [39, 400, 55], 'feature_dims': [768, 33, 709], 'train_samples': 1368, 'num_classes': 3, 'language': 'cn', 'KeyEval': 'Loss', 'missing_rate': [0.0, 0.0, 0.0], 'missing_seed': [1111, 1111, 1111], 'need_data_aligned': False, 'need_model_aligned': False, 'early_stop': 8, 'use_bert': False, 'use_bert_finetune': False, 'attn_mask': True, 'update_epochs': 4, 'use_augmentation': False, 'use_m3xup': False, 'hfPath': False, 'fs2': False, 'max_token_len': 39, 'gpt': {'mm_dropout': 0.1, 'mm_layer': [3, 5, 7, 9, 11], 'layer_dropout': 0.2, 'dense': True, 'tie_ffn': True}, 'av_enc': {'d_enc': 30, 'n_embd': 30, 'n_head': 6, 'nlevels': 3, 'd_enc_out': 30, 'maxlen': 39, 'p_mask': 0.15, 'enc_attn_dropout': 0.1, 'enc_res_dropout': 0.1, 'enc_dropout': 0.1, 'use_softperm': True, 'p_perm': 0.2, 'mask_perm_ratio': 0.5, 'tf_fusion': False, 'use_ln': False, 'use_bn': True}, 'batch_size': 32, 'learning_rate': 0.0005, 'grad_clip': 1.0, 'patience': 10, 'weight_decay': 0.001, 'device': device(type='cuda', index=0), 'train_mode': 'regression', 'custom_feature': None, 'feature_T': '', 'feature_A': '', 'feature_V': ''}
2025-12-24 15:46:22,474 - MMSA [INFO] - Seeds: [1990]
2025-12-24 15:46:22,475 - MMSA [INFO] - ------------------------------ Running with seed 1990 [1/1] ------------------------------
2025-12-24 15:47:51,910 - MMSA [INFO] - The model has 92745 trainable parameters
2025-12-24 15:47:56,307 - MMSA [INFO] - TRAIN-(bienc) [1/1/1] >> loss: 0.8957  Mult_acc_2: 0.5599  Mult_acc_3: 0.4349  Mult_acc_5: 0.2361  F1_score: 0.5728  MAE: 0.7571  Corr: 0.0337 
2025-12-24 15:47:57,308 - MMSA [INFO] - VAL-(bienc) >>  Mult_acc_2: 0.6776  Mult_acc_3: 0.5197  Mult_acc_5: 0.2785  F1_score: 0.5887  MAE: 0.7165  Corr: 0.0454  Loss: 0.7626 
2025-12-24 15:47:59,994 - MMSA [INFO] - TRAIN-(bienc) [1/2/1] >> loss: 0.7281  Mult_acc_2: 0.5599  Mult_acc_3: 0.4488  Mult_acc_5: 0.2171  F1_score: 0.5729  MAE: 0.6927  Corr: 0.0366 
2025-12-24 15:48:01,030 - MMSA [INFO] - VAL-(bienc) >>  Mult_acc_2: 0.6711  Mult_acc_3: 0.5154  Mult_acc_5: 0.2237  F1_score: 0.6011  MAE: 0.6302  Corr: 0.0488  Loss: 0.6373 
2025-12-24 15:48:03,762 - MMSA [INFO] - TRAIN-(bienc) [1/3/1] >> loss: 0.68  Mult_acc_2: 0.5789  Mult_acc_3: 0.4262  Mult_acc_5: 0.1981  F1_score: 0.5808  MAE: 0.6707  Corr: 0.0166 
2025-12-24 15:48:04,811 - MMSA [INFO] - VAL-(bienc) >>  Mult_acc_2: 0.5482  Mult_acc_3: 0.3399  Mult_acc_5: 0.1776  F1_score: 0.5653  MAE: 0.6278  Corr: 0.0745  Loss: 0.6288 
2025-12-24 15:48:07,565 - MMSA [INFO] - TRAIN-(bienc) [1/4/1] >> loss: 0.6262  Mult_acc_2: 0.6118  Mult_acc_3: 0.4525  Mult_acc_5: 0.2171  F1_score: 0.6026  MAE: 0.6204  Corr: 0.0901 
2025-12-24 15:48:08,584 - MMSA [INFO] - VAL-(bienc) >>  Mult_acc_2: 0.6864  Mult_acc_3: 0.5219  Mult_acc_5: 0.2083  F1_score: 0.6232  MAE: 0.5940  Corr: 0.1278  Loss: 0.5834 
2025-12-24 15:48:11,299 - MMSA [INFO] - TRAIN-(bienc) [1/5/1] >> loss: 0.5937  Mult_acc_2: 0.6396  Mult_acc_3: 0.4839  Mult_acc_5: 0.2317  F1_score: 0.6142  MAE: 0.5882  Corr: 0.1648 
2025-12-24 15:48:12,335 - MMSA [INFO] - VAL-(bienc) >>  Mult_acc_2: 0.7061  Mult_acc_3: 0.5263  Mult_acc_5: 0.2127  F1_score: 0.6366  MAE: 0.5971  Corr: 0.1442  Loss: 0.5935 
2025-12-24 15:48:15,038 - MMSA [INFO] - TRAIN-(bienc) [2/6/1] >> loss: 0.5946  Mult_acc_2: 0.6645  Mult_acc_3: 0.4883  Mult_acc_5: 0.2127  F1_score: 0.6334  MAE: 0.5894  Corr: 0.1781 
2025-12-24 15:48:16,105 - MMSA [INFO] - VAL-(bienc) >>  Mult_acc_2: 0.6535  Mult_acc_3: 0.4496  Mult_acc_5: 0.1732  F1_score: 0.6282  MAE: 0.5867  Corr: 0.1726  Loss: 0.5846 
2025-12-24 15:48:18,825 - MMSA [INFO] - TRAIN-(bienc) [3/7/1] >> loss: 0.5871  Mult_acc_2: 0.6499  Mult_acc_3: 0.4971  Mult_acc_5: 0.2383  F1_score: 0.6158  MAE: 0.5855  Corr: 0.1618 
2025-12-24 15:48:19,865 - MMSA [INFO] - VAL-(bienc) >>  Mult_acc_2: 0.6776  Mult_acc_3: 0.5088  Mult_acc_5: 0.1952  F1_score: 0.6216  MAE: 0.5841  Corr: 0.1875  Loss: 0.5820 
2025-12-24 15:48:22,595 - MMSA [INFO] - TRAIN-(bienc) [1/8/1] >> loss: 0.5733  Mult_acc_2: 0.6732  Mult_acc_3: 0.4971  Mult_acc_5: 0.2325  F1_score: 0.6458  MAE: 0.5719  Corr: 0.2277 
2025-12-24 15:48:23,623 - MMSA [INFO] - VAL-(bienc) >>  Mult_acc_2: 0.6864  Mult_acc_3: 0.4825  Mult_acc_5: 0.1952  F1_score: 0.6589  MAE: 0.5794  Corr: 0.2180  Loss: 0.5765 
2025-12-24 15:48:26,380 - MMSA [INFO] - TRAIN-(bienc) [1/9/1] >> loss: 0.5591  Mult_acc_2: 0.6879  Mult_acc_3: 0.5212  Mult_acc_5: 0.2529  F1_score: 0.6589  MAE: 0.5579  Corr: 0.2691 
2025-12-24 15:48:27,409 - MMSA [INFO] - VAL-(bienc) >>  Mult_acc_2: 0.6842  Mult_acc_3: 0.4803  Mult_acc_5: 0.1886  F1_score: 0.6741  MAE: 0.5756  Corr: 0.2674  Loss: 0.5767 
2025-12-24 15:48:30,151 - MMSA [INFO] - TRAIN-(bienc) [2/10/1] >> loss: 0.5583  Mult_acc_2: 0.6835  Mult_acc_3: 0.5080  Mult_acc_5: 0.2368  F1_score: 0.6733  MAE: 0.5550  Corr: 0.2972 
2025-12-24 15:48:31,203 - MMSA [INFO] - VAL-(bienc) >>  Mult_acc_2: 0.7215  Mult_acc_3: 0.5307  Mult_acc_5: 0.2303  F1_score: 0.6712  MAE: 0.5696  Corr: 0.3231  Loss: 0.5722 
2025-12-24 15:48:33,962 - MMSA [INFO] - TRAIN-(bienc) [1/11/1] >> loss: 0.5477  Mult_acc_2: 0.6996  Mult_acc_3: 0.5351  Mult_acc_5: 0.2434  F1_score: 0.6796  MAE: 0.5449  Corr: 0.3430 
2025-12-24 15:48:35,021 - MMSA [INFO] - VAL-(bienc) >>  Mult_acc_2: 0.6820  Mult_acc_3: 0.5110  Mult_acc_5: 0.2127  F1_score: 0.6836  MAE: 0.5584  Corr: 0.3638  Loss: 0.5497 
2025-12-24 15:48:37,749 - MMSA [INFO] - TRAIN-(bienc) [1/12/1] >> loss: 0.5502  Mult_acc_2: 0.7142  Mult_acc_3: 0.5292  Mult_acc_5: 0.2339  F1_score: 0.7006  MAE: 0.5474  Corr: 0.3498 
2025-12-24 15:48:38,802 - MMSA [INFO] - VAL-(bienc) >>  Mult_acc_2: 0.6886  Mult_acc_3: 0.5482  Mult_acc_5: 0.2368  F1_score: 0.6880  MAE: 0.5521  Corr: 0.3722  Loss: 0.5568 
2025-12-24 15:48:41,512 - MMSA [INFO] - TRAIN-(bienc) [2/13/1] >> loss: 0.5419  Mult_acc_2: 0.7032  Mult_acc_3: 0.5431  Mult_acc_5: 0.2420  F1_score: 0.6991  MAE: 0.5409  Corr: 0.3641 
2025-12-24 15:48:42,582 - MMSA [INFO] - VAL-(bienc) >>  Mult_acc_2: 0.7083  Mult_acc_3: 0.5373  Mult_acc_5: 0.2237  F1_score: 0.6986  MAE: 0.5567  Corr: 0.3549  Loss: 0.5612 
2025-12-24 15:48:45,312 - MMSA [INFO] - TRAIN-(bienc) [3/14/1] >> loss: 0.5388  Mult_acc_2: 0.7039  Mult_acc_3: 0.5534  Mult_acc_5: 0.2558  F1_score: 0.6942  MAE: 0.5334  Corr: 0.3964 
2025-12-24 15:48:46,357 - MMSA [INFO] - VAL-(bienc) >>  Mult_acc_2: 0.7390  Mult_acc_3: 0.5482  Mult_acc_5: 0.2675  F1_score: 0.7017  MAE: 0.5618  Corr: 0.3665  Loss: 0.5629 
2025-12-24 15:48:49,102 - MMSA [INFO] - TRAIN-(bienc) [4/15/1] >> loss: 0.5315  Mult_acc_2: 0.7339  Mult_acc_3: 0.5673  Mult_acc_5: 0.2705  F1_score: 0.7231  MAE: 0.5268  Corr: 0.3941 
2025-12-24 15:48:50,152 - MMSA [INFO] - VAL-(bienc) >>  Mult_acc_2: 0.7500  Mult_acc_3: 0.5592  Mult_acc_5: 0.2522  F1_score: 0.7355  MAE: 0.5433  Corr: 0.4043  Loss: 0.5495 
2025-12-24 15:48:52,906 - MMSA [INFO] - TRAIN-(bienc) [1/16/1] >> loss: 0.5239  Mult_acc_2: 0.7186  Mult_acc_3: 0.5687  Mult_acc_5: 0.2668  F1_score: 0.7148  MAE: 0.5206  Corr: 0.4278 
2025-12-24 15:48:53,939 - MMSA [INFO] - VAL-(bienc) >>  Mult_acc_2: 0.7390  Mult_acc_3: 0.5658  Mult_acc_5: 0.2719  F1_score: 0.7339  MAE: 0.5376  Corr: 0.4145  Loss: 0.5511 
2025-12-24 15:48:56,697 - MMSA [INFO] - TRAIN-(bienc) [2/17/1] >> loss: 0.514  Mult_acc_2: 0.7259  Mult_acc_3: 0.5833  Mult_acc_5: 0.2851  F1_score: 0.7217  MAE: 0.5090  Corr: 0.4506 
2025-12-24 15:48:57,746 - MMSA [INFO] - VAL-(bienc) >>  Mult_acc_2: 0.7171  Mult_acc_3: 0.5680  Mult_acc_5: 0.2632  F1_score: 0.7168  MAE: 0.5394  Corr: 0.4164  Loss: 0.5426 
2025-12-24 15:49:00,492 - MMSA [INFO] - TRAIN-(bienc) [1/18/1] >> loss: 0.5157  Mult_acc_2: 0.7237  Mult_acc_3: 0.5738  Mult_acc_5: 0.2580  F1_score: 0.7227  MAE: 0.5115  Corr: 0.4532 
2025-12-24 15:49:01,521 - MMSA [INFO] - VAL-(bienc) >>  Mult_acc_2: 0.6075  Mult_acc_3: 0.5132  Mult_acc_5: 0.2303  F1_score: 0.6223  MAE: 0.5648  Corr: 0.4217  Loss: 0.5595 
2025-12-24 15:49:04,241 - MMSA [INFO] - TRAIN-(bienc) [2/19/1] >> loss: 0.5062  Mult_acc_2: 0.7368  Mult_acc_3: 0.5848  Mult_acc_5: 0.2887  F1_score: 0.7336  MAE: 0.5022  Corr: 0.4684 
2025-12-24 15:49:05,360 - MMSA [INFO] - VAL-(bienc) >>  Mult_acc_2: 0.7259  Mult_acc_3: 0.5702  Mult_acc_5: 0.2610  F1_score: 0.7287  MAE: 0.5344  Corr: 0.4315  Loss: 0.5303 
2025-12-24 15:49:08,097 - MMSA [INFO] - TRAIN-(bienc) [1/20/1] >> loss: 0.5063  Mult_acc_2: 0.7310  Mult_acc_3: 0.5811  Mult_acc_5: 0.2822  F1_score: 0.7336  MAE: 0.5033  Corr: 0.4639 
2025-12-24 15:49:09,128 - MMSA [INFO] - VAL-(bienc) >>  Mult_acc_2: 0.7325  Mult_acc_3: 0.5680  Mult_acc_5: 0.2544  F1_score: 0.7283  MAE: 0.5337  Corr: 0.4249  Loss: 0.5479 
2025-12-24 15:49:11,871 - MMSA [INFO] - TRAIN-(bienc) [2/21/1] >> loss: 0.5031  Mult_acc_2: 0.7442  Mult_acc_3: 0.5980  Mult_acc_5: 0.2873  F1_score: 0.7402  MAE: 0.5018  Corr: 0.4741 
2025-12-24 15:49:12,923 - MMSA [INFO] - VAL-(bienc) >>  Mult_acc_2: 0.7018  Mult_acc_3: 0.5724  Mult_acc_5: 0.2697  F1_score: 0.7089  MAE: 0.5337  Corr: 0.4284  Loss: 0.5309 
2025-12-24 15:49:15,661 - MMSA [INFO] - TRAIN-(bienc) [3/22/1] >> loss: 0.4951  Mult_acc_2: 0.7493  Mult_acc_3: 0.5965  Mult_acc_5: 0.3026  F1_score: 0.7461  MAE: 0.4916  Corr: 0.4939 
2025-12-24 15:49:16,698 - MMSA [INFO] - VAL-(bienc) >>  Mult_acc_2: 0.7346  Mult_acc_3: 0.5811  Mult_acc_5: 0.2873  F1_score: 0.7258  MAE: 0.5216  Corr: 0.4433  Loss: 0.5205 
2025-12-24 15:49:19,433 - MMSA [INFO] - TRAIN-(bienc) [1/23/1] >> loss: 0.4874  Mult_acc_2: 0.7522  Mult_acc_3: 0.6075  Mult_acc_5: 0.3019  F1_score: 0.7492  MAE: 0.4837  Corr: 0.5061 
2025-12-24 15:49:20,491 - MMSA [INFO] - VAL-(bienc) >>  Mult_acc_2: 0.7237  Mult_acc_3: 0.5636  Mult_acc_5: 0.2807  F1_score: 0.7207  MAE: 0.5297  Corr: 0.4329  Loss: 0.5474 
2025-12-24 15:49:23,253 - MMSA [INFO] - TRAIN-(bienc) [2/24/1] >> loss: 0.4944  Mult_acc_2: 0.7398  Mult_acc_3: 0.5980  Mult_acc_5: 0.3077  F1_score: 0.7425  MAE: 0.4911  Corr: 0.4979 
2025-12-24 15:49:24,300 - MMSA [INFO] - VAL-(bienc) >>  Mult_acc_2: 0.7281  Mult_acc_3: 0.5833  Mult_acc_5: 0.2895  F1_score: 0.7251  MAE: 0.5227  Corr: 0.4417  Loss: 0.5353 
2025-12-24 15:49:27,056 - MMSA [INFO] - TRAIN-(bienc) [3/25/1] >> loss: 0.5098  Mult_acc_2: 0.7310  Mult_acc_3: 0.5870  Mult_acc_5: 0.2756  F1_score: 0.7272  MAE: 0.5073  Corr: 0.4632 
2025-12-24 15:49:28,113 - MMSA [INFO] - VAL-(bienc) >>  Mult_acc_2: 0.7434  Mult_acc_3: 0.5592  Mult_acc_5: 0.2654  F1_score: 0.7349  MAE: 0.5311  Corr: 0.4228  Loss: 0.5270 
2025-12-24 15:49:30,840 - MMSA [INFO] - TRAIN-(bienc) [4/26/1] >> loss: 0.4876  Mult_acc_2: 0.7515  Mult_acc_3: 0.6023  Mult_acc_5: 0.2982  F1_score: 0.7446  MAE: 0.4855  Corr: 0.5130 
2025-12-24 15:49:31,873 - MMSA [INFO] - VAL-(bienc) >>  Mult_acc_2: 0.7237  Mult_acc_3: 0.5570  Mult_acc_5: 0.2851  F1_score: 0.7219  MAE: 0.5220  Corr: 0.4326  Loss: 0.5218 
2025-12-24 15:49:34,613 - MMSA [INFO] - TRAIN-(bienc) [5/27/1] >> loss: 0.4705  Mult_acc_2: 0.7624  Mult_acc_3: 0.6148  Mult_acc_5: 0.3216  F1_score: 0.7600  MAE: 0.4658  Corr: 0.5544 
2025-12-24 15:49:35,664 - MMSA [INFO] - VAL-(bienc) >>  Mult_acc_2: 0.7325  Mult_acc_3: 0.5833  Mult_acc_5: 0.3136  F1_score: 0.7283  MAE: 0.5225  Corr: 0.4360  Loss: 0.5270 
2025-12-24 15:49:38,405 - MMSA [INFO] - TRAIN-(bienc) [6/28/1] >> loss: 0.4792  Mult_acc_2: 0.7551  Mult_acc_3: 0.6170  Mult_acc_5: 0.3246  F1_score: 0.7554  MAE: 0.4729  Corr: 0.5355 
2025-12-24 15:49:39,453 - MMSA [INFO] - VAL-(bienc) >>  Mult_acc_2: 0.7193  Mult_acc_3: 0.5614  Mult_acc_5: 0.2785  F1_score: 0.7181  MAE: 0.5268  Corr: 0.4297  Loss: 0.5307 
2025-12-24 15:49:42,212 - MMSA [INFO] - TRAIN-(bienc) [7/29/1] >> loss: 0.4767  Mult_acc_2: 0.7493  Mult_acc_3: 0.6118  Mult_acc_5: 0.3092  F1_score: 0.7438  MAE: 0.4742  Corr: 0.5219 
2025-12-24 15:49:43,279 - MMSA [INFO] - VAL-(bienc) >>  Mult_acc_2: 0.7281  Mult_acc_3: 0.5658  Mult_acc_5: 0.2654  F1_score: 0.7202  MAE: 0.5259  Corr: 0.4262  Loss: 0.5327 
2025-12-24 15:49:46,027 - MMSA [INFO] - TRAIN-(bienc) [8/30/1] >> loss: 0.4848  Mult_acc_2: 0.7610  Mult_acc_3: 0.5936  Mult_acc_5: 0.3209  F1_score: 0.7577  MAE: 0.4810  Corr: 0.5085 
2025-12-24 15:49:47,065 - MMSA [INFO] - VAL-(bienc) >>  Mult_acc_2: 0.7149  Mult_acc_3: 0.5877  Mult_acc_5: 0.3092  F1_score: 0.7160  MAE: 0.5181  Corr: 0.4493  Loss: 0.5166 
2025-12-24 15:49:49,829 - MMSA [INFO] - TRAIN-(bienc) [1/31/1] >> loss: 0.4748  Mult_acc_2: 0.7566  Mult_acc_3: 0.6075  Mult_acc_5: 0.3238  F1_score: 0.7565  MAE: 0.4699  Corr: 0.5428 
2025-12-24 15:49:50,883 - MMSA [INFO] - VAL-(bienc) >>  Mult_acc_2: 0.7303  Mult_acc_3: 0.5943  Mult_acc_5: 0.2895  F1_score: 0.7276  MAE: 0.5164  Corr: 0.4463  Loss: 0.5359 
2025-12-24 15:49:53,635 - MMSA [INFO] - TRAIN-(bienc) [2/32/1] >> loss: 0.4813  Mult_acc_2: 0.7515  Mult_acc_3: 0.5987  Mult_acc_5: 0.3004  F1_score: 0.7492  MAE: 0.4782  Corr: 0.5270 
2025-12-24 15:49:54,715 - MMSA [INFO] - VAL-(bienc) >>  Mult_acc_2: 0.6996  Mult_acc_3: 0.5680  Mult_acc_5: 0.2851  F1_score: 0.7031  MAE: 0.5252  Corr: 0.4439  Loss: 0.5335 
2025-12-24 15:49:57,461 - MMSA [INFO] - TRAIN-(bienc) [3/33/1] >> loss: 0.4683  Mult_acc_2: 0.7683  Mult_acc_3: 0.6396  Mult_acc_5: 0.3406  F1_score: 0.7687  MAE: 0.4614  Corr: 0.5583 
2025-12-24 15:49:58,512 - MMSA [INFO] - VAL-(bienc) >>  Mult_acc_2: 0.7303  Mult_acc_3: 0.5811  Mult_acc_5: 0.2939  F1_score: 0.7264  MAE: 0.5127  Corr: 0.4569  Loss: 0.5228 
2025-12-24 15:50:01,237 - MMSA [INFO] - TRAIN-(bienc) [4/34/1] >> loss: 0.4746  Mult_acc_2: 0.7558  Mult_acc_3: 0.6162  Mult_acc_5: 0.3253  F1_score: 0.7565  MAE: 0.4716  Corr: 0.5407 
2025-12-24 15:50:02,278 - MMSA [INFO] - VAL-(bienc) >>  Mult_acc_2: 0.7412  Mult_acc_3: 0.5724  Mult_acc_5: 0.3070  F1_score: 0.7213  MAE: 0.5321  Corr: 0.4383  Loss: 0.5315 
2025-12-24 15:50:05,029 - MMSA [INFO] - TRAIN-(bienc) [5/35/1] >> loss: 0.4774  Mult_acc_2: 0.7588  Mult_acc_3: 0.6199  Mult_acc_5: 0.3209  F1_score: 0.7586  MAE: 0.4734  Corr: 0.5315 
2025-12-24 15:50:06,082 - MMSA [INFO] - VAL-(bienc) >>  Mult_acc_2: 0.7171  Mult_acc_3: 0.5680  Mult_acc_5: 0.2961  F1_score: 0.7130  MAE: 0.5169  Corr: 0.4475  Loss: 0.5227 
2025-12-24 15:50:08,850 - MMSA [INFO] - TRAIN-(bienc) [6/36/1] >> loss: 0.4722  Mult_acc_2: 0.7734  Mult_acc_3: 0.6308  Mult_acc_5: 0.3231  F1_score: 0.7701  MAE: 0.4668  Corr: 0.5476 
2025-12-24 15:50:09,919 - MMSA [INFO] - VAL-(bienc) >>  Mult_acc_2: 0.6711  Mult_acc_3: 0.5395  Mult_acc_5: 0.2368  F1_score: 0.6818  MAE: 0.5242  Corr: 0.4503  Loss: 0.5344 
2025-12-24 15:50:12,697 - MMSA [INFO] - TRAIN-(bienc) [7/37/1] >> loss: 0.4743  Mult_acc_2: 0.7566  Mult_acc_3: 0.6184  Mult_acc_5: 0.3165  F1_score: 0.7585  MAE: 0.4710  Corr: 0.5362 
2025-12-24 15:50:13,771 - MMSA [INFO] - VAL-(bienc) >>  Mult_acc_2: 0.7127  Mult_acc_3: 0.5680  Mult_acc_5: 0.2785  F1_score: 0.7124  MAE: 0.5193  Corr: 0.4461  Loss: 0.5185 
2025-12-24 15:50:16,539 - MMSA [INFO] - TRAIN-(bienc) [8/38/1] >> loss: 0.4753  Mult_acc_2: 0.7529  Mult_acc_3: 0.6257  Mult_acc_5: 0.3385  F1_score: 0.7472  MAE: 0.4689  Corr: 0.5415 
2025-12-24 15:50:17,607 - MMSA [INFO] - VAL-(bienc) >>  Mult_acc_2: 0.7368  Mult_acc_3: 0.5965  Mult_acc_5: 0.3268  F1_score: 0.7284  MAE: 0.5201  Corr: 0.4368  Loss: 0.5225 
2025-12-24 15:50:18,658 - MMSA [INFO] - TEST-(bienc) >>  Mult_acc_2: 0.7724  Mult_acc_3: 0.5974  Mult_acc_5: 0.2910  F1_score: 0.7715  MAE: 0.4962  Corr: 0.4938  Loss: 0.5035 
2025-12-24 15:50:19,843 - MMSA [INFO] - Result for seed 1990: {'Mult_acc_2': 0.7724, 'Mult_acc_3': 0.5974, 'Mult_acc_5': 0.291, 'F1_score': 0.7715, 'MAE': 0.4962, 'Corr': 0.4938, 'Loss': 0.5035, 'seed': 1990}
2025-12-24 15:50:19,872 - MMSA [INFO] - Results saved to MMSA/results/bienc/sims/bienc-sims-1990/normal/sims_avg.csv.
