2026-01-03 12:16:22,950 - MMSA [INFO] - ======================================== Program Start ========================================
2026-01-03 12:16:23,019 - MMSA [INFO] - Running with args:
2026-01-03 12:16:23,019 - MMSA [INFO] - {'model_name': 'bienc', 'dataset_name': 'mosei', 'featurePath': '/leonardo_work/EUHPC_A04_051/alexfil/MSA-Datasets/CMU-MOSEI/Processed/unaligned_50.pkl', 'seq_lens': [50, 500, 375], 'feature_dims': [768, 74, 35], 'train_samples': 16326, 'num_classes': 3, 'language': 'en', 'KeyEval': 'Loss', 'missing_rate': [0.0, 0.0, 0.0], 'missing_seed': [1111, 1111, 1111], 'need_data_aligned': False, 'need_model_aligned': False, 'early_stop': 8, 'use_bert': False, 'use_bert_finetune': False, 'attn_mask': True, 'update_epochs': 4, 'use_augmentation': False, 'use_m3xup': False, 'hfPath': False, 'max_token_len': 50, 'pad_token': '<|endoftext|>', 'lm': 'gpt2', 'gpt': {'mm_dropout': 0.1, 'mm_layer': [3, 5, 7, 9, 11], 'layer_dropout': 0.2, 'dense': True, 'tie_ffn': True}, 'av_enc': {'d_enc': 30, 'n_embd': 30, 'n_head': 6, 'nlevels': 3, 'd_enc_out': 30, 'maxlen': 50, 'p_mask': 0.15, 'enc_attn_dropout': 0.1, 'enc_res_dropout': 0.1, 'enc_dropout': 0.1, 'use_softperm': True, 'p_perm': 0.2, 'mask_perm_ratio': 0.5}, 'batch_size': 32, 'learning_rate': 0.005, 'grad_clip': 1.0, 'patience': 4, 'weight_decay': 0.001, 'device': device(type='cuda', index=0), 'train_mode': 'regression', 'custom_feature': None, 'feature_T': '', 'feature_A': '', 'feature_V': ''}
2026-01-03 12:16:23,019 - MMSA [INFO] - Seeds: [1990]
2026-01-03 12:16:23,027 - MMSA [INFO] - ------------------------------ Running with seed 1990 [1/1] ------------------------------
2026-01-03 12:18:55,456 - MMSA [INFO] - ======================================== Program Start ========================================
2026-01-03 12:18:55,527 - MMSA [INFO] - Running with args:
2026-01-03 12:18:55,528 - MMSA [INFO] - {'model_name': 'bienc', 'dataset_name': 'mosei', 'featurePath': '/leonardo_work/EUHPC_A04_051/alexfil/MSA-Datasets/CMU-MOSEI/Processed/unaligned_50.pkl', 'seq_lens': [50, 500, 375], 'feature_dims': [768, 74, 35], 'train_samples': 16326, 'num_classes': 3, 'language': 'en', 'KeyEval': 'Loss', 'missing_rate': [0.0, 0.0, 0.0], 'missing_seed': [1111, 1111, 1111], 'need_data_aligned': False, 'need_model_aligned': False, 'early_stop': 8, 'use_bert': False, 'use_bert_finetune': False, 'attn_mask': True, 'update_epochs': 4, 'use_augmentation': False, 'use_m3xup': False, 'hfPath': False, 'max_token_len': 50, 'pad_token': '<|endoftext|>', 'lm': 'gpt2', 'gpt': {'mm_dropout': 0.1, 'mm_layer': [3, 5, 7, 9, 11], 'layer_dropout': 0.2, 'dense': True, 'tie_ffn': True}, 'av_enc': {'d_enc': 30, 'n_embd': 30, 'n_head': 6, 'nlevels': 3, 'd_enc_out': 30, 'maxlen': 50, 'p_mask': 0.15, 'enc_attn_dropout': 0.1, 'enc_res_dropout': 0.1, 'enc_dropout': 0.1, 'use_softperm': True, 'p_perm': 0.2, 'mask_perm_ratio': 0.5}, 'batch_size': 32, 'learning_rate': 0.005, 'grad_clip': 1.0, 'patience': 4, 'weight_decay': 0.001, 'device': device(type='cuda', index=0), 'train_mode': 'regression', 'custom_feature': None, 'feature_T': '', 'feature_A': '', 'feature_V': ''}
2026-01-03 12:18:55,528 - MMSA [INFO] - Seeds: [1990]
2026-01-03 12:18:55,528 - MMSA [INFO] - ------------------------------ Running with seed 1990 [1/1] ------------------------------
2026-01-03 12:22:12,905 - MMSA [INFO] - ======================================== Program Start ========================================
2026-01-03 12:22:12,968 - MMSA [INFO] - Running with args:
2026-01-03 12:22:12,968 - MMSA [INFO] - {'model_name': 'bienc', 'dataset_name': 'mosei', 'featurePath': '/leonardo_work/EUHPC_A04_051/alexfil/MSA-Datasets/CMU-MOSEI/Processed/unaligned_50.pkl', 'seq_lens': [50, 500, 375], 'feature_dims': [768, 74, 35], 'train_samples': 16326, 'num_classes': 3, 'language': 'en', 'KeyEval': 'Loss', 'missing_rate': [0.0, 0.0, 0.0], 'missing_seed': [1111, 1111, 1111], 'need_data_aligned': False, 'need_model_aligned': False, 'early_stop': 8, 'use_bert': False, 'use_bert_finetune': False, 'attn_mask': True, 'update_epochs': 4, 'use_augmentation': False, 'use_m3xup': False, 'hfPath': False, 'max_token_len': 50, 'pad_token': '<|endoftext|>', 'lm': '/leonardo_work/EUHPC_A04_051/alexfil/gpt2-large', 'gpt': {'mm_dropout': 0.1, 'mm_layer': [3, 5, 7, 9, 11], 'layer_dropout': 0.2, 'dense': True, 'tie_ffn': True}, 'av_enc': {'d_enc': 30, 'n_embd': 30, 'n_head': 6, 'nlevels': 3, 'd_enc_out': 30, 'maxlen': 50, 'p_mask': 0.15, 'enc_attn_dropout': 0.1, 'enc_res_dropout': 0.1, 'enc_dropout': 0.1, 'use_softperm': True, 'p_perm': 0.2, 'mask_perm_ratio': 0.5}, 'batch_size': 32, 'learning_rate': 0.005, 'grad_clip': 1.0, 'patience': 4, 'weight_decay': 0.001, 'device': device(type='cuda', index=0), 'train_mode': 'regression', 'custom_feature': None, 'feature_T': '', 'feature_A': '', 'feature_V': ''}
2026-01-03 12:22:12,968 - MMSA [INFO] - Seeds: [1990]
2026-01-03 12:22:12,969 - MMSA [INFO] - ------------------------------ Running with seed 1990 [1/1] ------------------------------
2026-01-03 12:25:42,368 - MMSA [INFO] - ======================================== Program Start ========================================
2026-01-03 12:25:42,428 - MMSA [INFO] - Running with args:
2026-01-03 12:25:42,428 - MMSA [INFO] - {'model_name': 'bienc', 'dataset_name': 'mosei', 'featurePath': '/leonardo_work/EUHPC_A04_051/alexfil/MSA-Datasets/CMU-MOSEI/Processed/unaligned_50.pkl', 'seq_lens': [50, 500, 375], 'feature_dims': [768, 74, 35], 'train_samples': 16326, 'num_classes': 3, 'language': 'en', 'KeyEval': 'Loss', 'missing_rate': [0.0, 0.0, 0.0], 'missing_seed': [1111, 1111, 1111], 'need_data_aligned': False, 'need_model_aligned': False, 'early_stop': 8, 'use_bert': False, 'use_bert_finetune': False, 'attn_mask': True, 'update_epochs': 4, 'use_augmentation': False, 'use_m3xup': False, 'hfPath': False, 'max_token_len': 50, 'pad_token': '<|endoftext|>', 'lm': '/leonardo_work/EUHPC_A04_051/alexfil/gpt2-large', 'gpt': {'mm_dropout': 0.1, 'mm_layer': [3, 5, 7, 9, 11], 'layer_dropout': 0.2, 'dense': True, 'tie_ffn': True}, 'av_enc': {'d_enc': 30, 'n_embd': 30, 'n_head': 6, 'nlevels': 3, 'd_enc_out': 30, 'maxlen': 50, 'p_mask': 0.15, 'enc_attn_dropout': 0.1, 'enc_res_dropout': 0.1, 'enc_dropout': 0.1, 'use_softperm': True, 'p_perm': 0.2, 'mask_perm_ratio': 0.5}, 'batch_size': 32, 'learning_rate': 0.005, 'grad_clip': 1.0, 'patience': 4, 'weight_decay': 0.001, 'device': device(type='cuda', index=0), 'train_mode': 'regression', 'custom_feature': None, 'feature_T': '', 'feature_A': '', 'feature_V': ''}
2026-01-03 12:25:42,428 - MMSA [INFO] - Seeds: [1990]
2026-01-03 12:25:42,429 - MMSA [INFO] - ------------------------------ Running with seed 1990 [1/1] ------------------------------
2026-01-03 12:29:57,844 - MMSA [INFO] - ======================================== Program Start ========================================
2026-01-03 12:29:57,916 - MMSA [INFO] - Running with args:
2026-01-03 12:29:57,916 - MMSA [INFO] - {'model_name': 'bienc', 'dataset_name': 'mosei', 'featurePath': '/leonardo_work/EUHPC_A04_051/alexfil/MSA-Datasets/CMU-MOSEI/Processed/unaligned_50.pkl', 'seq_lens': [50, 500, 375], 'feature_dims': [768, 74, 35], 'train_samples': 16326, 'num_classes': 3, 'language': 'en', 'KeyEval': 'Loss', 'missing_rate': [0.0, 0.0, 0.0], 'missing_seed': [1111, 1111, 1111], 'need_data_aligned': False, 'need_model_aligned': False, 'early_stop': 8, 'use_bert': False, 'use_bert_finetune': False, 'attn_mask': True, 'update_epochs': 4, 'use_augmentation': False, 'use_m3xup': False, 'hfPath': False, 'max_token_len': 50, 'pad_token': '<|endoftext|>', 'lm': '/leonardo_work/EUHPC_A04_051/alexfil/gpt2-large', 'gpt': {'mm_dropout': 0.1, 'mm_layer': [3, 5, 7, 9, 11], 'layer_dropout': 0.2, 'dense': True, 'tie_ffn': True}, 'av_enc': {'d_enc': 30, 'n_embd': 30, 'n_head': 6, 'nlevels': 3, 'd_enc_out': 30, 'maxlen': 50, 'p_mask': 0.15, 'enc_attn_dropout': 0.1, 'enc_res_dropout': 0.1, 'enc_dropout': 0.1, 'use_softperm': True, 'p_perm': 0.2, 'mask_perm_ratio': 0.5}, 'batch_size': 32, 'learning_rate': 0.005, 'grad_clip': 1.0, 'patience': 4, 'weight_decay': 0.001, 'device': device(type='cuda', index=0), 'train_mode': 'regression', 'custom_feature': None, 'feature_T': '', 'feature_A': '', 'feature_V': ''}
2026-01-03 12:29:57,916 - MMSA [INFO] - Seeds: [1990]
2026-01-03 12:29:57,917 - MMSA [INFO] - ------------------------------ Running with seed 1990 [1/1] ------------------------------
2026-01-03 12:33:30,953 - MMSA [INFO] - ======================================== Program Start ========================================
2026-01-03 12:33:31,016 - MMSA [INFO] - Running with args:
2026-01-03 12:33:31,016 - MMSA [INFO] - {'model_name': 'bienc', 'dataset_name': 'mosei', 'featurePath': '/leonardo_work/EUHPC_A04_051/alexfil/MSA-Datasets/CMU-MOSEI/Processed/unaligned_50.pkl', 'seq_lens': [50, 500, 375], 'feature_dims': [768, 74, 35], 'train_samples': 16326, 'num_classes': 3, 'language': 'en', 'KeyEval': 'Loss', 'missing_rate': [0.0, 0.0, 0.0], 'missing_seed': [1111, 1111, 1111], 'need_data_aligned': False, 'need_model_aligned': False, 'early_stop': 8, 'use_bert': False, 'use_bert_finetune': False, 'attn_mask': True, 'update_epochs': 4, 'use_augmentation': False, 'use_m3xup': False, 'hfPath': False, 'max_token_len': 50, 'pad_token': '<|endoftext|>', 'lm': '/leonardo_work/EUHPC_A04_051/alexfil/gpt2-large', 'gpt': {'mm_dropout': 0.1, 'mm_layer': [3, 5, 7, 9, 11], 'layer_dropout': 0.2, 'dense': True, 'tie_ffn': True}, 'av_enc': {'d_enc': 30, 'n_embd': 30, 'n_head': 6, 'nlevels': 3, 'd_enc_out': 30, 'maxlen': 50, 'p_mask': 0.15, 'enc_attn_dropout': 0.1, 'enc_res_dropout': 0.1, 'enc_dropout': 0.1, 'use_softperm': True, 'p_perm': 0.2, 'mask_perm_ratio': 0.5}, 'batch_size': 32, 'learning_rate': 0.005, 'grad_clip': 1.0, 'patience': 4, 'weight_decay': 0.001, 'device': device(type='cuda', index=0), 'train_mode': 'regression', 'custom_feature': None, 'feature_T': '', 'feature_A': '', 'feature_V': ''}
2026-01-03 12:33:31,016 - MMSA [INFO] - Seeds: [1990]
2026-01-03 12:33:31,017 - MMSA [INFO] - ------------------------------ Running with seed 1990 [1/1] ------------------------------
2026-01-03 12:35:02,898 - MMSA [INFO] - ======================================== Program Start ========================================
2026-01-03 12:35:02,956 - MMSA [INFO] - Running with args:
2026-01-03 12:35:02,956 - MMSA [INFO] - {'model_name': 'bienc', 'dataset_name': 'mosei', 'featurePath': '/leonardo_work/EUHPC_A04_051/alexfil/MSA-Datasets/CMU-MOSEI/Processed/unaligned_50.pkl', 'seq_lens': [50, 500, 375], 'feature_dims': [768, 74, 35], 'train_samples': 16326, 'num_classes': 3, 'language': 'en', 'KeyEval': 'Loss', 'missing_rate': [0.0, 0.0, 0.0], 'missing_seed': [1111, 1111, 1111], 'need_data_aligned': False, 'need_model_aligned': False, 'early_stop': 8, 'use_bert': False, 'use_bert_finetune': False, 'attn_mask': True, 'update_epochs': 4, 'use_augmentation': False, 'use_m3xup': False, 'hfPath': False, 'max_token_len': 50, 'pad_token': '<|endoftext|>', 'lm': '/leonardo_work/EUHPC_A04_051/alexfil/gpt2-large', 'gpt': {'mm_dropout': 0.1, 'mm_layer': [3, 5, 7, 9, 11], 'layer_dropout': 0.2, 'dense': True, 'tie_ffn': True}, 'av_enc': {'d_enc': 30, 'n_embd': 30, 'n_head': 6, 'nlevels': 3, 'd_enc_out': 30, 'maxlen': 50, 'p_mask': 0.15, 'enc_attn_dropout': 0.1, 'enc_res_dropout': 0.1, 'enc_dropout': 0.1, 'use_softperm': True, 'p_perm': 0.2, 'mask_perm_ratio': 0.5}, 'batch_size': 32, 'learning_rate': 0.005, 'grad_clip': 1.0, 'patience': 4, 'weight_decay': 0.001, 'device': device(type='cuda', index=0), 'train_mode': 'regression', 'custom_feature': None, 'feature_T': '', 'feature_A': '', 'feature_V': ''}
2026-01-03 12:35:02,956 - MMSA [INFO] - Seeds: [1990]
2026-01-03 12:35:02,957 - MMSA [INFO] - ------------------------------ Running with seed 1990 [1/1] ------------------------------
2026-01-03 12:40:59,005 - MMSA [INFO] - ======================================== Program Start ========================================
2026-01-03 12:40:59,079 - MMSA [INFO] - Running with args:
2026-01-03 12:40:59,079 - MMSA [INFO] - {'model_name': 'bienc', 'dataset_name': 'mosei', 'featurePath': '/leonardo_work/EUHPC_A04_051/alexfil/MSA-Datasets/CMU-MOSEI/Processed/unaligned_50.pkl', 'seq_lens': [50, 500, 375], 'feature_dims': [768, 74, 35], 'train_samples': 16326, 'num_classes': 3, 'language': 'en', 'KeyEval': 'Loss', 'missing_rate': [0.0, 0.0, 0.0], 'missing_seed': [1111, 1111, 1111], 'need_data_aligned': False, 'need_model_aligned': False, 'early_stop': 8, 'use_bert': False, 'use_bert_finetune': False, 'attn_mask': True, 'update_epochs': 4, 'use_augmentation': False, 'use_m3xup': False, 'hfPath': False, 'max_token_len': 50, 'pad_token': '<|endoftext|>', 'lm': '/leonardo_work/EUHPC_A04_051/alexfil/gpt2-large', 'gpt': {'mm_dropout': 0.1, 'mm_layer': [3, 5, 7, 9, 11], 'layer_dropout': 0.2, 'dense': True, 'tie_ffn': True}, 'av_enc': {'d_enc': 30, 'n_embd': 30, 'n_head': 6, 'nlevels': 3, 'd_enc_out': 30, 'maxlen': 50, 'p_mask': 0.15, 'enc_attn_dropout': 0.1, 'enc_res_dropout': 0.1, 'enc_dropout': 0.1, 'use_softperm': True, 'p_perm': 0.2, 'mask_perm_ratio': 0.5}, 'batch_size': 32, 'learning_rate': 0.005, 'grad_clip': 1.0, 'patience': 4, 'weight_decay': 0.001, 'device': device(type='cuda', index=0), 'train_mode': 'regression', 'custom_feature': None, 'feature_T': '', 'feature_A': '', 'feature_V': ''}
2026-01-03 12:40:59,080 - MMSA [INFO] - Seeds: [1990]
2026-01-03 12:40:59,096 - MMSA [INFO] - ------------------------------ Running with seed 1990 [1/1] ------------------------------
2026-01-03 12:53:07,776 - MMSA [INFO] - The model has 72271 trainable parameters
2026-01-03 12:57:07,029 - MMSA [INFO] - ======================================== Program Start ========================================
2026-01-03 12:57:07,100 - MMSA [INFO] - Running with args:
2026-01-03 12:57:07,100 - MMSA [INFO] - {'model_name': 'bienc', 'dataset_name': 'mosei', 'featurePath': '/leonardo_work/EUHPC_A04_051/alexfil/MSA-Datasets/CMU-MOSEI/Processed/unaligned_50.pkl', 'seq_lens': [50, 500, 375], 'feature_dims': [768, 74, 35], 'train_samples': 16326, 'num_classes': 3, 'language': 'en', 'KeyEval': 'Loss', 'missing_rate': [0.0, 0.0, 0.0], 'missing_seed': [1111, 1111, 1111], 'need_data_aligned': False, 'need_model_aligned': False, 'early_stop': 8, 'use_bert': False, 'use_bert_finetune': False, 'attn_mask': True, 'update_epochs': 4, 'use_augmentation': False, 'use_m3xup': False, 'hfPath': False, 'max_token_len': 50, 'pad_token': '<|endoftext|>', 'lm': '/leonardo_work/EUHPC_A04_051/alexfil/gpt2-large', 'gpt': {'mm_dropout': 0.1, 'mm_layer': [3, 5, 7, 9, 11], 'layer_dropout': 0.2, 'dense': True, 'tie_ffn': True}, 'av_enc': {'d_enc': 30, 'n_embd': 30, 'n_head': 6, 'nlevels': 3, 'd_enc_out': 30, 'maxlen': 50, 'p_mask': 0.15, 'enc_attn_dropout': 0.1, 'enc_res_dropout': 0.1, 'enc_dropout': 0.1, 'use_softperm': True, 'p_perm': 0.2, 'mask_perm_ratio': 0.5}, 'batch_size': 32, 'learning_rate': 0.005, 'grad_clip': 1.0, 'patience': 4, 'weight_decay': 0.001, 'device': device(type='cuda', index=0), 'train_mode': 'regression', 'custom_feature': None, 'feature_T': '', 'feature_A': '', 'feature_V': ''}
2026-01-03 12:57:07,100 - MMSA [INFO] - Seeds: [1990]
2026-01-03 12:57:07,101 - MMSA [INFO] - ------------------------------ Running with seed 1990 [1/1] ------------------------------
2026-01-03 13:09:20,932 - MMSA [INFO] - The model has 72271 trainable parameters
2026-01-03 13:10:32,453 - MMSA [INFO] - TRAIN-(bienc) [1/1/1] >> loss: 1.299  Has0_acc_2: 0.5785  Has0_F1_score: 0.5904  Non0_acc_2: 0.5665  Non0_F1_score: 0.5646  Mult_acc_5: 0.3409  Mult_acc_7: 0.3320  MAE: 1.2997  Corr: 0.0449 
2026-01-03 13:10:41,221 - MMSA [INFO] - VAL-(bienc) >>  Has0_acc_2: 0.7119  Has0_F1_score: 0.6714  Non0_acc_2: 0.6711  Non0_F1_score: 0.6129  Mult_acc_5: 0.4249  Mult_acc_7: 0.4249  MAE: 0.7679  Corr: 0.2335  Loss: 0.7699 
2026-01-03 13:11:53,706 - MMSA [INFO] - TRAIN-(bienc) [1/2/1] >> loss: 0.8263  Has0_acc_2: 0.6493  Has0_F1_score: 0.6345  Non0_acc_2: 0.6245  Non0_F1_score: 0.5949  Mult_acc_5: 0.4164  Mult_acc_7: 0.4163  MAE: 0.8258  Corr: 0.2155 
2026-01-03 13:12:02,362 - MMSA [INFO] - VAL-(bienc) >>  Has0_acc_2: 0.5409  Has0_F1_score: 0.5665  Non0_acc_2: 0.5668  Non0_F1_score: 0.5759  Mult_acc_5: 0.4463  Mult_acc_7: 0.4463  MAE: 0.7668  Corr: 0.2343  Loss: 0.7680 
2026-01-03 13:13:13,742 - MMSA [INFO] - TRAIN-(bienc) [1/3/1] >> loss: 0.8142  Has0_acc_2: 0.6607  Has0_F1_score: 0.6466  Non0_acc_2: 0.6391  Non0_F1_score: 0.6108  Mult_acc_5: 0.4231  Mult_acc_7: 0.4227  MAE: 0.8145  Corr: 0.2535 
2026-01-03 13:13:22,781 - MMSA [INFO] - VAL-(bienc) >>  Has0_acc_2: 0.6211  Has0_F1_score: 0.6302  Non0_acc_2: 0.6314  Non0_F1_score: 0.6222  Mult_acc_5: 0.4361  Mult_acc_7: 0.4361  MAE: 0.7611  Corr: 0.2481  Loss: 0.7589 
2026-01-03 13:14:36,206 - MMSA [INFO] - TRAIN-(bienc) [1/4/1] >> loss: 0.8104  Has0_acc_2: 0.6578  Has0_F1_score: 0.6452  Non0_acc_2: 0.6381  Non0_F1_score: 0.6113  Mult_acc_5: 0.4245  Mult_acc_7: 0.4243  MAE: 0.8109  Corr: 0.2688 
2026-01-03 13:14:45,282 - MMSA [INFO] - VAL-(bienc) >>  Has0_acc_2: 0.6595  Has0_F1_score: 0.6592  Non0_acc_2: 0.6495  Non0_F1_score: 0.6342  Mult_acc_5: 0.4463  Mult_acc_7: 0.4463  MAE: 0.7559  Corr: 0.2394  Loss: 0.7556 
2026-01-03 13:15:58,604 - MMSA [INFO] - TRAIN-(bienc) [1/5/1] >> loss: 0.8075  Has0_acc_2: 0.6686  Has0_F1_score: 0.6559  Non0_acc_2: 0.6510  Non0_F1_score: 0.6247  Mult_acc_5: 0.4263  Mult_acc_7: 0.4261  MAE: 0.8074  Corr: 0.2776 
2026-01-03 13:16:07,765 - MMSA [INFO] - VAL-(bienc) >>  Has0_acc_2: 0.6360  Has0_F1_score: 0.6436  Non0_acc_2: 0.6460  Non0_F1_score: 0.6363  Mult_acc_5: 0.4420  Mult_acc_7: 0.4420  MAE: 0.7604  Corr: 0.2603  Loss: 0.7581 
2026-01-03 13:17:21,874 - MMSA [INFO] - TRAIN-(bienc) [2/6/1] >> loss: 0.8064  Has0_acc_2: 0.6733  Has0_F1_score: 0.6621  Non0_acc_2: 0.6560  Non0_F1_score: 0.6319  Mult_acc_5: 0.4242  Mult_acc_7: 0.4240  MAE: 0.8069  Corr: 0.2881 
2026-01-03 13:17:30,908 - MMSA [INFO] - VAL-(bienc) >>  Has0_acc_2: 0.6766  Has0_F1_score: 0.6636  Non0_acc_2: 0.6648  Non0_F1_score: 0.6339  Mult_acc_5: 0.4538  Mult_acc_7: 0.4538  MAE: 0.7470  Corr: 0.2793  Loss: 0.7457 
2026-01-03 13:18:44,379 - MMSA [INFO] - TRAIN-(bienc) [1/7/1] >> loss: 0.8053  Has0_acc_2: 0.6765  Has0_F1_score: 0.6660  Non0_acc_2: 0.6606  Non0_F1_score: 0.6377  Mult_acc_5: 0.4255  Mult_acc_7: 0.4253  MAE: 0.8054  Corr: 0.2928 
2026-01-03 13:18:53,670 - MMSA [INFO] - VAL-(bienc) >>  Has0_acc_2: 0.6542  Has0_F1_score: 0.6516  Non0_acc_2: 0.6273  Non0_F1_score: 0.6113  Mult_acc_5: 0.4313  Mult_acc_7: 0.4313  MAE: 0.7702  Corr: 0.2307  Loss: 0.7694 
2026-01-03 13:20:06,964 - MMSA [INFO] - TRAIN-(bienc) [2/8/1] >> loss: 0.8048  Has0_acc_2: 0.6736  Has0_F1_score: 0.6650  Non0_acc_2: 0.6600  Non0_F1_score: 0.6390  Mult_acc_5: 0.4253  Mult_acc_7: 0.4252  MAE: 0.8050  Corr: 0.2999 
2026-01-03 13:20:16,069 - MMSA [INFO] - VAL-(bienc) >>  Has0_acc_2: 0.7044  Has0_F1_score: 0.6834  Non0_acc_2: 0.6780  Non0_F1_score: 0.6423  Mult_acc_5: 0.4522  Mult_acc_7: 0.4522  MAE: 0.7478  Corr: 0.2746  Loss: 0.7481 
2026-01-03 13:21:29,430 - MMSA [INFO] - TRAIN-(bienc) [3/9/1] >> loss: 0.7997  Has0_acc_2: 0.6795  Has0_F1_score: 0.6721  Non0_acc_2: 0.6689  Non0_F1_score: 0.6494  Mult_acc_5: 0.4287  Mult_acc_7: 0.4283  MAE: 0.8002  Corr: 0.3215 
2026-01-03 13:21:38,587 - MMSA [INFO] - VAL-(bienc) >>  Has0_acc_2: 0.6986  Has0_F1_score: 0.6717  Non0_acc_2: 0.6683  Non0_F1_score: 0.6248  Mult_acc_5: 0.4479  Mult_acc_7: 0.4479  MAE: 0.7513  Corr: 0.2764  Loss: 0.7501 
2026-01-03 13:22:51,389 - MMSA [INFO] - TRAIN-(bienc) [4/10/1] >> loss: 0.8003  Has0_acc_2: 0.6803  Has0_F1_score: 0.6726  Non0_acc_2: 0.6728  Non0_F1_score: 0.6525  Mult_acc_5: 0.4233  Mult_acc_7: 0.4229  MAE: 0.7996  Corr: 0.3224 
2026-01-03 13:23:00,668 - MMSA [INFO] - VAL-(bienc) >>  Has0_acc_2: 0.6184  Has0_F1_score: 0.6288  Non0_acc_2: 0.6140  Non0_F1_score: 0.6087  Mult_acc_5: 0.4474  Mult_acc_7: 0.4474  MAE: 0.7624  Corr: 0.2360  Loss: 0.7614 
2026-01-03 13:24:14,131 - MMSA [INFO] - TRAIN-(bienc) [5/11/1] >> loss: 0.7986  Has0_acc_2: 0.6797  Has0_F1_score: 0.6745  Non0_acc_2: 0.6743  Non0_F1_score: 0.6570  Mult_acc_5: 0.4253  Mult_acc_7: 0.4248  MAE: 0.7986  Corr: 0.3275 
2026-01-03 13:24:23,163 - MMSA [INFO] - VAL-(bienc) >>  Has0_acc_2: 0.6141  Has0_F1_score: 0.6278  Non0_acc_2: 0.6252  Non0_F1_score: 0.6221  Mult_acc_5: 0.4447  Mult_acc_7: 0.4447  MAE: 0.7634  Corr: 0.2432  Loss: 0.7631 
2026-01-03 13:25:35,947 - MMSA [INFO] - TRAIN-(bienc) [6/12/1] >> loss: 0.7827  Has0_acc_2: 0.6904  Has0_F1_score: 0.6873  Non0_acc_2: 0.6906  Non0_F1_score: 0.6762  Mult_acc_5: 0.4329  Mult_acc_7: 0.4326  MAE: 0.7823  Corr: 0.3705 
2026-01-03 13:25:45,048 - MMSA [INFO] - VAL-(bienc) >>  Has0_acc_2: 0.6307  Has0_F1_score: 0.6410  Non0_acc_2: 0.6252  Non0_F1_score: 0.6211  Mult_acc_5: 0.4281  Mult_acc_7: 0.4281  MAE: 0.7818  Corr: 0.2435  Loss: 0.7854 
2026-01-03 13:26:59,058 - MMSA [INFO] - TRAIN-(bienc) [7/13/1] >> loss: 0.7798  Has0_acc_2: 0.6989  Has0_F1_score: 0.6949  Non0_acc_2: 0.6977  Non0_F1_score: 0.6831  Mult_acc_5: 0.4319  Mult_acc_7: 0.4316  MAE: 0.7800  Corr: 0.3809 
2026-01-03 13:27:08,206 - MMSA [INFO] - VAL-(bienc) >>  Has0_acc_2: 0.6050  Has0_F1_score: 0.6227  Non0_acc_2: 0.6238  Non0_F1_score: 0.6250  Mult_acc_5: 0.4393  Mult_acc_7: 0.4393  MAE: 0.7659  Corr: 0.2488  Loss: 0.7687 
2026-01-03 13:28:21,267 - MMSA [INFO] - TRAIN-(bienc) [8/14/1] >> loss: 0.7793  Has0_acc_2: 0.6986  Has0_F1_score: 0.6939  Non0_acc_2: 0.6971  Non0_F1_score: 0.6815  Mult_acc_5: 0.4342  Mult_acc_7: 0.4339  MAE: 0.7796  Corr: 0.3792 
2026-01-03 13:28:30,298 - MMSA [INFO] - VAL-(bienc) >>  Has0_acc_2: 0.6521  Has0_F1_score: 0.6492  Non0_acc_2: 0.6356  Non0_F1_score: 0.6171  Mult_acc_5: 0.4361  Mult_acc_7: 0.4361  MAE: 0.7738  Corr: 0.2449  Loss: 0.7724 
2026-01-03 13:28:50,696 - MMSA [INFO] - TEST-(bienc) >>  Has0_acc_2: 0.6845  Has0_F1_score: 0.6753  Non0_acc_2: 0.6734  Non0_F1_score: 0.6518  Mult_acc_5: 0.4228  Mult_acc_7: 0.4228  MAE: 0.8049  Corr: 0.2853  Loss: 0.8046 
2026-01-03 13:28:52,409 - MMSA [INFO] - Result for seed 1990: {'Has0_acc_2': 0.6845, 'Has0_F1_score': 0.6753, 'Non0_acc_2': 0.6734, 'Non0_F1_score': 0.6518, 'Mult_acc_5': 0.4228, 'Mult_acc_7': 0.4228, 'MAE': 0.8049, 'Corr': 0.2853, 'Loss': 0.8046, 'seed': 1990}
2026-01-03 13:28:52,587 - MMSA [INFO] - Results saved to MMSA/results/bienc/mosei/bienc-mosei-1990/normal/mosei_avg.csv.
